// Validating benchmarks:
// ***** BenchmarkRunner: Start   *****
// ***** Found 2 benchmark(s) in total *****
// ***** Building 1 exe(s) in Parallel: Start   *****
// start dotnet  restore --nodeReuse:false /p:UseSharedCompilation=false /p:Deterministic=true /p:Optimize=true /p:ArtifactsPath="C:\Users\ytara\source\repos\CoffeeShop\CoffeeBenchMark\bin\Release\net10.0\CoffeeBenchMark-DefaultJob-1/" /p:OutDir="C:\Users\ytara\source\repos\CoffeeShop\CoffeeBenchMark\bin\Release\net10.0\CoffeeBenchMark-DefaultJob-1\bin\Release\net10.0/" /p:OutputPath="C:\Users\ytara\source\repos\CoffeeShop\CoffeeBenchMark\bin\Release\net10.0\CoffeeBenchMark-DefaultJob-1\bin\Release\net10.0/" /p:PublishDir="C:\Users\ytara\source\repos\CoffeeShop\CoffeeBenchMark\bin\Release\net10.0\CoffeeBenchMark-DefaultJob-1\publish/" in C:\Users\ytara\source\repos\CoffeeShop\CoffeeBenchMark\bin\Release\net10.0\CoffeeBenchMark-DefaultJob-1
// command took 2.99 sec and exited with 0
// start dotnet  build -c Release --no-restore --nodeReuse:false /p:UseSharedCompilation=false /p:Deterministic=true /p:Optimize=true /p:ArtifactsPath="C:\Users\ytara\source\repos\CoffeeShop\CoffeeBenchMark\bin\Release\net10.0\CoffeeBenchMark-DefaultJob-1/" /p:OutDir="C:\Users\ytara\source\repos\CoffeeShop\CoffeeBenchMark\bin\Release\net10.0\CoffeeBenchMark-DefaultJob-1\bin\Release\net10.0/" /p:OutputPath="C:\Users\ytara\source\repos\CoffeeShop\CoffeeBenchMark\bin\Release\net10.0\CoffeeBenchMark-DefaultJob-1\bin\Release\net10.0/" /p:PublishDir="C:\Users\ytara\source\repos\CoffeeShop\CoffeeBenchMark\bin\Release\net10.0\CoffeeBenchMark-DefaultJob-1\publish/" --output "C:\Users\ytara\source\repos\CoffeeShop\CoffeeBenchMark\bin\Release\net10.0\CoffeeBenchMark-DefaultJob-1\bin\Release\net10.0/" in C:\Users\ytara\source\repos\CoffeeShop\CoffeeBenchMark\bin\Release\net10.0\CoffeeBenchMark-DefaultJob-1
// command took 12.39 sec and exited with 0
// ***** Done, took 00:00:15 (15.57 sec)   *****
// Found 2 benchmarks:
//   CoffeeBench.UseSplit: DefaultJob
//   CoffeeBench.UseSpan: DefaultJob

Setup power plan (GUID: 8c5e7fda-e8bf-4a96-9a85-a6e23a8c635c FriendlyName: High performance)
// **************************
// Benchmark: CoffeeBench.UseSplit: DefaultJob
// *** Execute ***
// Launch: 1 / 1
// Execute: dotnet CoffeeBenchMark-DefaultJob-1.dll --anonymousPipes 1464 1480 --benchmarkName CoffeeBench.UseSplit --job Default --benchmarkId 0 in C:\Users\ytara\source\repos\CoffeeShop\CoffeeBenchMark\bin\Release\net10.0\CoffeeBenchMark-DefaultJob-1\bin\Release\net10.0
// BeforeAnythingElse

// Benchmark Process Environment Information:
// BenchmarkDotNet v0.15.8
// Runtime=.NET 10.0.6 (10.0.6, 10.0.626.17701), X64 RyuJIT x86-64-v3
// GC=Concurrent Workstation
// HardwareIntrinsics=AVX2+BMI1+BMI2+F16C+FMA+LZCNT+MOVBE,AVX,SSE3+SSSE3+SSE4.1+SSE4.2+POPCNT,X86Base+SSE+SSE2,AES+PCLMUL VectorSize=256
// Job: DefaultJob

OverheadJitting  1: 1 op, 340400.00 ns, 340.4000 us/op
WorkloadJitting  1: 1 op, 464300.00 ns, 464.3000 us/op

OverheadJitting  2: 16 op, 694700.00 ns, 43.4188 us/op
WorkloadJitting  2: 16 op, 1262900.00 ns, 78.9313 us/op

WorkloadPilot    1: 16 op, 10800.00 ns, 675.0000 ns/op
WorkloadPilot    2: 32 op, 29300.00 ns, 915.6250 ns/op
WorkloadPilot    3: 64 op, 42000.00 ns, 656.2500 ns/op
WorkloadPilot    4: 128 op, 41800.00 ns, 326.5625 ns/op
WorkloadPilot    5: 256 op, 70700.00 ns, 276.1719 ns/op
WorkloadPilot    6: 512 op, 138900.00 ns, 271.2891 ns/op
WorkloadPilot    7: 1024 op, 314800.00 ns, 307.4219 ns/op
WorkloadPilot    8: 2048 op, 646600.00 ns, 315.7227 ns/op
WorkloadPilot    9: 4096 op, 893900.00 ns, 218.2373 ns/op
WorkloadPilot   10: 8192 op, 2987500.00 ns, 364.6851 ns/op
WorkloadPilot   11: 16384 op, 4628500.00 ns, 282.5012 ns/op
WorkloadPilot   12: 32768 op, 4856500.00 ns, 148.2086 ns/op
WorkloadPilot   13: 65536 op, 12123300.00 ns, 184.9869 ns/op
WorkloadPilot   14: 131072 op, 16538800.00 ns, 126.1810 ns/op
WorkloadPilot   15: 262144 op, 31112700.00 ns, 118.6855 ns/op
WorkloadPilot   16: 524288 op, 64061600.00 ns, 122.1878 ns/op
WorkloadPilot   17: 1048576 op, 82525400.00 ns, 78.7024 ns/op
WorkloadPilot   18: 2097152 op, 160661900.00 ns, 76.6096 ns/op
WorkloadPilot   19: 4194304 op, 371700300.00 ns, 88.6203 ns/op
WorkloadPilot   20: 8388608 op, 646956400.00 ns, 77.1232 ns/op

OverheadWarmup   1: 8388608 op, 43421800.00 ns, 5.1763 ns/op
OverheadWarmup   2: 8388608 op, 43454500.00 ns, 5.1802 ns/op
OverheadWarmup   3: 8388608 op, 45731500.00 ns, 5.4516 ns/op
OverheadWarmup   4: 8388608 op, 51551900.00 ns, 6.1455 ns/op
OverheadWarmup   5: 8388608 op, 42931600.00 ns, 5.1178 ns/op
OverheadWarmup   6: 8388608 op, 42843800.00 ns, 5.1074 ns/op
OverheadWarmup   7: 8388608 op, 43997800.00 ns, 5.2449 ns/op
OverheadWarmup   8: 8388608 op, 34715400.00 ns, 4.1384 ns/op

OverheadActual   1: 8388608 op, 34509800.00 ns, 4.1139 ns/op
OverheadActual   2: 8388608 op, 34613700.00 ns, 4.1263 ns/op
OverheadActual   3: 8388608 op, 34524700.00 ns, 4.1157 ns/op
OverheadActual   4: 8388608 op, 35689600.00 ns, 4.2545 ns/op
OverheadActual   5: 8388608 op, 37799300.00 ns, 4.5060 ns/op
OverheadActual   6: 8388608 op, 38084100.00 ns, 4.5400 ns/op
OverheadActual   7: 8388608 op, 38598800.00 ns, 4.6013 ns/op
OverheadActual   8: 8388608 op, 37723300.00 ns, 4.4970 ns/op
OverheadActual   9: 8388608 op, 42141100.00 ns, 5.0236 ns/op
OverheadActual  10: 8388608 op, 37450400.00 ns, 4.4644 ns/op
OverheadActual  11: 8388608 op, 37846800.00 ns, 4.5117 ns/op
OverheadActual  12: 8388608 op, 36614200.00 ns, 4.3648 ns/op
OverheadActual  13: 8388608 op, 36277600.00 ns, 4.3246 ns/op
OverheadActual  14: 8388608 op, 35515900.00 ns, 4.2338 ns/op
OverheadActual  15: 8388608 op, 38549900.00 ns, 4.5955 ns/op

WorkloadWarmup   1: 8388608 op, 556368200.00 ns, 66.3243 ns/op
WorkloadWarmup   2: 8388608 op, 546083700.00 ns, 65.0982 ns/op
WorkloadWarmup   3: 8388608 op, 637032100.00 ns, 75.9401 ns/op
WorkloadWarmup   4: 8388608 op, 561877200.00 ns, 66.9810 ns/op
WorkloadWarmup   5: 8388608 op, 562191300.00 ns, 67.0184 ns/op
WorkloadWarmup   6: 8388608 op, 534341100.00 ns, 63.6984 ns/op

// BeforeActualRun
WorkloadActual   1: 8388608 op, 524737600.00 ns, 62.5536 ns/op
WorkloadActual   2: 8388608 op, 532349000.00 ns, 63.4609 ns/op
WorkloadActual   3: 8388608 op, 576614200.00 ns, 68.7378 ns/op
WorkloadActual   4: 8388608 op, 525346200.00 ns, 62.6261 ns/op
WorkloadActual   5: 8388608 op, 529508200.00 ns, 63.1223 ns/op
WorkloadActual   6: 8388608 op, 521037500.00 ns, 62.1125 ns/op
WorkloadActual   7: 8388608 op, 556560600.00 ns, 66.3472 ns/op
WorkloadActual   8: 8388608 op, 536062900.00 ns, 63.9037 ns/op
WorkloadActual   9: 8388608 op, 503886900.00 ns, 60.0680 ns/op
WorkloadActual  10: 8388608 op, 528832800.00 ns, 63.0418 ns/op
WorkloadActual  11: 8388608 op, 585174100.00 ns, 69.7582 ns/op
WorkloadActual  12: 8388608 op, 546001300.00 ns, 65.0884 ns/op
WorkloadActual  13: 8388608 op, 491101700.00 ns, 58.5439 ns/op
WorkloadActual  14: 8388608 op, 536100400.00 ns, 63.9081 ns/op
WorkloadActual  15: 8388608 op, 549427800.00 ns, 65.4969 ns/op
WorkloadActual  16: 8388608 op, 715514600.00 ns, 85.2960 ns/op
WorkloadActual  17: 8388608 op, 533473400.00 ns, 63.5950 ns/op
WorkloadActual  18: 8388608 op, 536769000.00 ns, 63.9879 ns/op
WorkloadActual  19: 8388608 op, 546726500.00 ns, 65.1749 ns/op
WorkloadActual  20: 8388608 op, 504733900.00 ns, 60.1690 ns/op
WorkloadActual  21: 8388608 op, 503405000.00 ns, 60.0106 ns/op
WorkloadActual  22: 8388608 op, 559021700.00 ns, 66.6406 ns/op
WorkloadActual  23: 8388608 op, 537602400.00 ns, 64.0872 ns/op
WorkloadActual  24: 8388608 op, 506246700.00 ns, 60.3493 ns/op
WorkloadActual  25: 8388608 op, 505617100.00 ns, 60.2743 ns/op
WorkloadActual  26: 8388608 op, 520879800.00 ns, 62.0937 ns/op
WorkloadActual  27: 8388608 op, 568775700.00 ns, 67.8033 ns/op
WorkloadActual  28: 8388608 op, 511964000.00 ns, 61.0309 ns/op
WorkloadActual  29: 8388608 op, 511518900.00 ns, 60.9778 ns/op
WorkloadActual  30: 8388608 op, 513295000.00 ns, 61.1895 ns/op
WorkloadActual  31: 8388608 op, 547600000.00 ns, 65.2790 ns/op
WorkloadActual  32: 8388608 op, 504988000.00 ns, 60.1993 ns/op
WorkloadActual  33: 8388608 op, 509194300.00 ns, 60.7007 ns/op
WorkloadActual  34: 8388608 op, 518477500.00 ns, 61.8073 ns/op
WorkloadActual  35: 8388608 op, 551524400.00 ns, 65.7468 ns/op
WorkloadActual  36: 8388608 op, 520261500.00 ns, 62.0200 ns/op
WorkloadActual  37: 8388608 op, 508840900.00 ns, 60.6586 ns/op
WorkloadActual  38: 8388608 op, 576992100.00 ns, 68.7828 ns/op
WorkloadActual  39: 8388608 op, 558440100.00 ns, 66.5712 ns/op
WorkloadActual  40: 8388608 op, 538773500.00 ns, 64.2268 ns/op
WorkloadActual  41: 8388608 op, 522763600.00 ns, 62.3183 ns/op
WorkloadActual  42: 8388608 op, 598384300.00 ns, 71.3330 ns/op
WorkloadActual  43: 8388608 op, 547388200.00 ns, 65.2538 ns/op
WorkloadActual  44: 8388608 op, 534625900.00 ns, 63.7324 ns/op
WorkloadActual  45: 8388608 op, 494218100.00 ns, 58.9154 ns/op
WorkloadActual  46: 8388608 op, 535121500.00 ns, 63.7915 ns/op
WorkloadActual  47: 8388608 op, 521403500.00 ns, 62.1561 ns/op
WorkloadActual  48: 8388608 op, 528836700.00 ns, 63.0422 ns/op
WorkloadActual  49: 8388608 op, 488591600.00 ns, 58.2447 ns/op
WorkloadActual  50: 8388608 op, 527406700.00 ns, 62.8718 ns/op
WorkloadActual  51: 8388608 op, 532352000.00 ns, 63.4613 ns/op
WorkloadActual  52: 8388608 op, 526863600.00 ns, 62.8070 ns/op
WorkloadActual  53: 8388608 op, 508195700.00 ns, 60.5816 ns/op
WorkloadActual  54: 8388608 op, 539983600.00 ns, 64.3711 ns/op
WorkloadActual  55: 8388608 op, 569072400.00 ns, 67.8387 ns/op
WorkloadActual  56: 8388608 op, 549639200.00 ns, 65.5221 ns/op
WorkloadActual  57: 8388608 op, 543333700.00 ns, 64.7704 ns/op
WorkloadActual  58: 8388608 op, 557859400.00 ns, 66.5020 ns/op
WorkloadActual  59: 8388608 op, 721594200.00 ns, 86.0207 ns/op
WorkloadActual  60: 8388608 op, 781557900.00 ns, 93.1690 ns/op
WorkloadActual  61: 8388608 op, 735965100.00 ns, 87.7339 ns/op
WorkloadActual  62: 8388608 op, 713443000.00 ns, 85.0490 ns/op
WorkloadActual  63: 8388608 op, 818805000.00 ns, 97.6092 ns/op
WorkloadActual  64: 8388608 op, 722869700.00 ns, 86.1728 ns/op
WorkloadActual  65: 8388608 op, 637002500.00 ns, 75.9366 ns/op
WorkloadActual  66: 8388608 op, 556598300.00 ns, 66.3517 ns/op
WorkloadActual  67: 8388608 op, 486848600.00 ns, 58.0369 ns/op
WorkloadActual  68: 8388608 op, 508870900.00 ns, 60.6621 ns/op
WorkloadActual  69: 8388608 op, 532624200.00 ns, 63.4938 ns/op
WorkloadActual  70: 8388608 op, 548637900.00 ns, 65.4027 ns/op

// AfterActualRun
WorkloadResult   1: 8388608 op, 487287200.00 ns, 58.0892 ns/op
WorkloadResult   2: 8388608 op, 494898600.00 ns, 58.9965 ns/op
WorkloadResult   3: 8388608 op, 539163800.00 ns, 64.2733 ns/op
WorkloadResult   4: 8388608 op, 487895800.00 ns, 58.1617 ns/op
WorkloadResult   5: 8388608 op, 492057800.00 ns, 58.6579 ns/op
WorkloadResult   6: 8388608 op, 483587100.00 ns, 57.6481 ns/op
WorkloadResult   7: 8388608 op, 519110200.00 ns, 61.8828 ns/op
WorkloadResult   8: 8388608 op, 498612500.00 ns, 59.4392 ns/op
WorkloadResult   9: 8388608 op, 466436500.00 ns, 55.6036 ns/op
WorkloadResult  10: 8388608 op, 491382400.00 ns, 58.5773 ns/op
WorkloadResult  11: 8388608 op, 547723700.00 ns, 65.2938 ns/op
WorkloadResult  12: 8388608 op, 508550900.00 ns, 60.6240 ns/op
WorkloadResult  13: 8388608 op, 453651300.00 ns, 54.0794 ns/op
WorkloadResult  14: 8388608 op, 498650000.00 ns, 59.4437 ns/op
WorkloadResult  15: 8388608 op, 511977400.00 ns, 61.0325 ns/op
WorkloadResult  16: 8388608 op, 496023000.00 ns, 59.1305 ns/op
WorkloadResult  17: 8388608 op, 499318600.00 ns, 59.5234 ns/op
WorkloadResult  18: 8388608 op, 509276100.00 ns, 60.7104 ns/op
WorkloadResult  19: 8388608 op, 467283500.00 ns, 55.7045 ns/op
WorkloadResult  20: 8388608 op, 465954600.00 ns, 55.5461 ns/op
WorkloadResult  21: 8388608 op, 521571300.00 ns, 62.1761 ns/op
WorkloadResult  22: 8388608 op, 500152000.00 ns, 59.6228 ns/op
WorkloadResult  23: 8388608 op, 468796300.00 ns, 55.8849 ns/op
WorkloadResult  24: 8388608 op, 468166700.00 ns, 55.8098 ns/op
WorkloadResult  25: 8388608 op, 483429400.00 ns, 57.6293 ns/op
WorkloadResult  26: 8388608 op, 531325300.00 ns, 63.3389 ns/op
WorkloadResult  27: 8388608 op, 474513600.00 ns, 56.5664 ns/op
WorkloadResult  28: 8388608 op, 474068500.00 ns, 56.5134 ns/op
WorkloadResult  29: 8388608 op, 475844600.00 ns, 56.7251 ns/op
WorkloadResult  30: 8388608 op, 510149600.00 ns, 60.8146 ns/op
WorkloadResult  31: 8388608 op, 467537600.00 ns, 55.7348 ns/op
WorkloadResult  32: 8388608 op, 471743900.00 ns, 56.2363 ns/op
WorkloadResult  33: 8388608 op, 481027100.00 ns, 57.3429 ns/op
WorkloadResult  34: 8388608 op, 514074000.00 ns, 61.2824 ns/op
WorkloadResult  35: 8388608 op, 482811100.00 ns, 57.5556 ns/op
WorkloadResult  36: 8388608 op, 471390500.00 ns, 56.1941 ns/op
WorkloadResult  37: 8388608 op, 539541700.00 ns, 64.3184 ns/op
WorkloadResult  38: 8388608 op, 520989700.00 ns, 62.1068 ns/op
WorkloadResult  39: 8388608 op, 501323100.00 ns, 59.7624 ns/op
WorkloadResult  40: 8388608 op, 485313200.00 ns, 57.8538 ns/op
WorkloadResult  41: 8388608 op, 560933900.00 ns, 66.8685 ns/op
WorkloadResult  42: 8388608 op, 509937800.00 ns, 60.7893 ns/op
WorkloadResult  43: 8388608 op, 497175500.00 ns, 59.2679 ns/op
WorkloadResult  44: 8388608 op, 456767700.00 ns, 54.4510 ns/op
WorkloadResult  45: 8388608 op, 497671100.00 ns, 59.3270 ns/op
WorkloadResult  46: 8388608 op, 483953100.00 ns, 57.6917 ns/op
WorkloadResult  47: 8388608 op, 491386300.00 ns, 58.5778 ns/op
WorkloadResult  48: 8388608 op, 451141200.00 ns, 53.7802 ns/op
WorkloadResult  49: 8388608 op, 489956300.00 ns, 58.4073 ns/op
WorkloadResult  50: 8388608 op, 494901600.00 ns, 58.9969 ns/op
WorkloadResult  51: 8388608 op, 489413200.00 ns, 58.3426 ns/op
WorkloadResult  52: 8388608 op, 470745300.00 ns, 56.1172 ns/op
WorkloadResult  53: 8388608 op, 502533200.00 ns, 59.9066 ns/op
WorkloadResult  54: 8388608 op, 531622000.00 ns, 63.3743 ns/op
WorkloadResult  55: 8388608 op, 512188800.00 ns, 61.0577 ns/op
WorkloadResult  56: 8388608 op, 505883300.00 ns, 60.3060 ns/op
WorkloadResult  57: 8388608 op, 520409000.00 ns, 62.0376 ns/op
WorkloadResult  58: 8388608 op, 519147900.00 ns, 61.8873 ns/op
WorkloadResult  59: 8388608 op, 449398200.00 ns, 53.5724 ns/op
WorkloadResult  60: 8388608 op, 471420500.00 ns, 56.1977 ns/op
WorkloadResult  61: 8388608 op, 495173800.00 ns, 59.0293 ns/op
WorkloadResult  62: 8388608 op, 511187500.00 ns, 60.9383 ns/op
// GC:  256 0 0 1073741824 8388608
// Threading:  0 0 8388608

// AfterAll
// Benchmark Process 11248 has exited with code 0.

Mean = 58.981 ns, StdErr = 0.365 ns (0.62%), N = 62, StdDev = 2.876 ns
Min = 53.572 ns, Q1 = 56.606 ns, Median = 58.997 ns, Q3 = 60.808 ns, Max = 66.869 ns
IQR = 4.202 ns, LowerFence = 50.303 ns, UpperFence = 67.112 ns
ConfidenceInterval = [57.718 ns; 60.244 ns] (CI 99.9%), Margin = 1.263 ns (2.14% of Mean)
Skewness = 0.37, Kurtosis = 2.82, MValue = 2

// ** Remained 1 (50.0%) benchmark(s) to run. Estimated finish 2026-04-19 11:06 (0h 0m from now) **
Setup power plan (GUID: 8c5e7fda-e8bf-4a96-9a85-a6e23a8c635c FriendlyName: High performance)
// **************************
// Benchmark: CoffeeBench.UseSpan: DefaultJob
// *** Execute ***
// Launch: 1 / 1
// Execute: dotnet CoffeeBenchMark-DefaultJob-1.dll --anonymousPipes 1568 1460 --benchmarkName CoffeeBench.UseSpan --job Default --benchmarkId 1 in C:\Users\ytara\source\repos\CoffeeShop\CoffeeBenchMark\bin\Release\net10.0\CoffeeBenchMark-DefaultJob-1\bin\Release\net10.0
// BeforeAnythingElse

// Benchmark Process Environment Information:
// BenchmarkDotNet v0.15.8
// Runtime=.NET 10.0.6 (10.0.6, 10.0.626.17701), X64 RyuJIT x86-64-v3
// GC=Concurrent Workstation
// HardwareIntrinsics=AVX2+BMI1+BMI2+F16C+FMA+LZCNT+MOVBE,AVX,SSE3+SSSE3+SSE4.1+SSE4.2+POPCNT,X86Base+SSE+SSE2,AES+PCLMUL VectorSize=256
// Job: DefaultJob

OverheadJitting  1: 1 op, 292400.00 ns, 292.4000 us/op
WorkloadJitting  1: 1 op, 485200.00 ns, 485.2000 us/op

OverheadJitting  2: 16 op, 773700.00 ns, 48.3563 us/op
WorkloadJitting  2: 16 op, 834000.00 ns, 52.1250 us/op

WorkloadPilot    1: 16 op, 5200.00 ns, 325.0000 ns/op
WorkloadPilot    2: 32 op, 4600.00 ns, 143.7500 ns/op
WorkloadPilot    3: 64 op, 6800.00 ns, 106.2500 ns/op
WorkloadPilot    4: 128 op, 17900.00 ns, 139.8438 ns/op
WorkloadPilot    5: 256 op, 32700.00 ns, 127.7344 ns/op
WorkloadPilot    6: 512 op, 73600.00 ns, 143.7500 ns/op
WorkloadPilot    7: 1024 op, 116500.00 ns, 113.7695 ns/op
WorkloadPilot    8: 2048 op, 150600.00 ns, 73.5352 ns/op
WorkloadPilot    9: 4096 op, 336500.00 ns, 82.1533 ns/op
WorkloadPilot   10: 8192 op, 538500.00 ns, 65.7349 ns/op
WorkloadPilot   11: 16384 op, 1026600.00 ns, 62.6587 ns/op
WorkloadPilot   12: 32768 op, 2017800.00 ns, 61.5784 ns/op
WorkloadPilot   13: 65536 op, 3797500.00 ns, 57.9453 ns/op
WorkloadPilot   14: 131072 op, 6813300.00 ns, 51.9814 ns/op
WorkloadPilot   15: 262144 op, 11454300.00 ns, 43.6947 ns/op
WorkloadPilot   16: 524288 op, 20037000.00 ns, 38.2175 ns/op
WorkloadPilot   17: 1048576 op, 37554400.00 ns, 35.8147 ns/op
WorkloadPilot   18: 2097152 op, 69092300.00 ns, 32.9458 ns/op
WorkloadPilot   19: 4194304 op, 94676800.00 ns, 22.5727 ns/op
WorkloadPilot   20: 8388608 op, 198147100.00 ns, 23.6210 ns/op
WorkloadPilot   21: 16777216 op, 420257300.00 ns, 25.0493 ns/op
WorkloadPilot   22: 33554432 op, 1023374200.00 ns, 30.4989 ns/op

OverheadWarmup   1: 33554432 op, 220617400.00 ns, 6.5749 ns/op
OverheadWarmup   2: 33554432 op, 192058500.00 ns, 5.7238 ns/op
OverheadWarmup   3: 33554432 op, 170349700.00 ns, 5.0768 ns/op
OverheadWarmup   4: 33554432 op, 168270000.00 ns, 5.0148 ns/op
OverheadWarmup   5: 33554432 op, 163702900.00 ns, 4.8787 ns/op
OverheadWarmup   6: 33554432 op, 151488000.00 ns, 4.5147 ns/op
OverheadWarmup   7: 33554432 op, 168846000.00 ns, 5.0320 ns/op
OverheadWarmup   8: 33554432 op, 146915600.00 ns, 4.3784 ns/op
OverheadWarmup   9: 33554432 op, 144158900.00 ns, 4.2963 ns/op
OverheadWarmup  10: 33554432 op, 159308700.00 ns, 4.7478 ns/op

OverheadActual   1: 33554432 op, 151910100.00 ns, 4.5273 ns/op
OverheadActual   2: 33554432 op, 145594100.00 ns, 4.3390 ns/op
OverheadActual   3: 33554432 op, 161011700.00 ns, 4.7985 ns/op
OverheadActual   4: 33554432 op, 156131900.00 ns, 4.6531 ns/op
OverheadActual   5: 33554432 op, 162780500.00 ns, 4.8512 ns/op
OverheadActual   6: 33554432 op, 155262100.00 ns, 4.6272 ns/op
OverheadActual   7: 33554432 op, 159339300.00 ns, 4.7487 ns/op
OverheadActual   8: 33554432 op, 145983900.00 ns, 4.3507 ns/op
OverheadActual   9: 33554432 op, 142539300.00 ns, 4.2480 ns/op
OverheadActual  10: 33554432 op, 131536100.00 ns, 3.9201 ns/op
OverheadActual  11: 33554432 op, 139078100.00 ns, 4.1449 ns/op
OverheadActual  12: 33554432 op, 167324200.00 ns, 4.9866 ns/op
OverheadActual  13: 33554432 op, 148352900.00 ns, 4.4213 ns/op
OverheadActual  14: 33554432 op, 142706900.00 ns, 4.2530 ns/op
OverheadActual  15: 33554432 op, 143625700.00 ns, 4.2804 ns/op
OverheadActual  16: 33554432 op, 148867400.00 ns, 4.4366 ns/op
OverheadActual  17: 33554432 op, 141886600.00 ns, 4.2286 ns/op
OverheadActual  18: 33554432 op, 136919500.00 ns, 4.0805 ns/op
OverheadActual  19: 33554432 op, 149252500.00 ns, 4.4481 ns/op
OverheadActual  20: 33554432 op, 158027500.00 ns, 4.7096 ns/op

WorkloadWarmup   1: 33554432 op, 729883600.00 ns, 21.7522 ns/op
WorkloadWarmup   2: 33554432 op, 1330994600.00 ns, 39.6667 ns/op
WorkloadWarmup   3: 33554432 op, 992192500.00 ns, 29.5696 ns/op
WorkloadWarmup   4: 33554432 op, 886913800.00 ns, 26.4321 ns/op
WorkloadWarmup   5: 33554432 op, 799921400.00 ns, 23.8395 ns/op
WorkloadWarmup   6: 33554432 op, 765353700.00 ns, 22.8093 ns/op
WorkloadWarmup   7: 33554432 op, 796701300.00 ns, 23.7435 ns/op
WorkloadWarmup   8: 33554432 op, 1137728000.00 ns, 33.9069 ns/op
WorkloadWarmup   9: 33554432 op, 1387853200.00 ns, 41.3612 ns/op
WorkloadWarmup  10: 33554432 op, 1373955200.00 ns, 40.9471 ns/op

// BeforeActualRun
WorkloadActual   1: 33554432 op, 1106108000.00 ns, 32.9646 ns/op
WorkloadActual   2: 33554432 op, 1243141700.00 ns, 37.0485 ns/op
WorkloadActual   3: 33554432 op, 1643589100.00 ns, 48.9828 ns/op
WorkloadActual   4: 33554432 op, 1778776200.00 ns, 53.0117 ns/op
WorkloadActual   5: 33554432 op, 1442477600.00 ns, 42.9892 ns/op
WorkloadActual   6: 33554432 op, 1873552400.00 ns, 55.8362 ns/op
WorkloadActual   7: 33554432 op, 1731946300.00 ns, 51.6160 ns/op
WorkloadActual   8: 33554432 op, 2067803700.00 ns, 61.6254 ns/op
WorkloadActual   9: 33554432 op, 1714647500.00 ns, 51.1005 ns/op
WorkloadActual  10: 33554432 op, 2171911500.00 ns, 64.7280 ns/op
WorkloadActual  11: 33554432 op, 2196398300.00 ns, 65.4578 ns/op
WorkloadActual  12: 33554432 op, 2053249000.00 ns, 61.1916 ns/op
WorkloadActual  13: 33554432 op, 1297147100.00 ns, 38.6580 ns/op
WorkloadActual  14: 33554432 op, 1460306000.00 ns, 43.5205 ns/op
WorkloadActual  15: 33554432 op, 1494571300.00 ns, 44.5417 ns/op
WorkloadActual  16: 33554432 op, 1653916200.00 ns, 49.2905 ns/op
WorkloadActual  17: 33554432 op, 1452475200.00 ns, 43.2871 ns/op
WorkloadActual  18: 33554432 op, 1524520000.00 ns, 45.4342 ns/op
WorkloadActual  19: 33554432 op, 1235263600.00 ns, 36.8137 ns/op
WorkloadActual  20: 33554432 op, 1356208300.00 ns, 40.4182 ns/op
WorkloadActual  21: 33554432 op, 1100978000.00 ns, 32.8117 ns/op
WorkloadActual  22: 33554432 op, 1893466400.00 ns, 56.4297 ns/op
WorkloadActual  23: 33554432 op, 1591740100.00 ns, 47.4376 ns/op
WorkloadActual  24: 33554432 op, 913480500.00 ns, 27.2238 ns/op
WorkloadActual  25: 33554432 op, 812529700.00 ns, 24.2153 ns/op
WorkloadActual  26: 33554432 op, 937675800.00 ns, 27.9449 ns/op
WorkloadActual  27: 33554432 op, 927841300.00 ns, 27.6518 ns/op
WorkloadActual  28: 33554432 op, 968785800.00 ns, 28.8721 ns/op
WorkloadActual  29: 33554432 op, 956855800.00 ns, 28.5165 ns/op
WorkloadActual  30: 33554432 op, 1007543700.00 ns, 30.0271 ns/op
WorkloadActual  31: 33554432 op, 915708500.00 ns, 27.2902 ns/op
WorkloadActual  32: 33554432 op, 802693800.00 ns, 23.9221 ns/op
WorkloadActual  33: 33554432 op, 756937200.00 ns, 22.5585 ns/op
WorkloadActual  34: 33554432 op, 767253500.00 ns, 22.8659 ns/op
WorkloadActual  35: 33554432 op, 837847000.00 ns, 24.9698 ns/op
WorkloadActual  36: 33554432 op, 758397100.00 ns, 22.6020 ns/op
WorkloadActual  37: 33554432 op, 784259000.00 ns, 23.3727 ns/op
WorkloadActual  38: 33554432 op, 965231100.00 ns, 28.7661 ns/op
WorkloadActual  39: 33554432 op, 1371993300.00 ns, 40.8886 ns/op
WorkloadActual  40: 33554432 op, 1358441200.00 ns, 40.4847 ns/op
WorkloadActual  41: 33554432 op, 1070741900.00 ns, 31.9106 ns/op
WorkloadActual  42: 33554432 op, 1271660700.00 ns, 37.8984 ns/op
WorkloadActual  43: 33554432 op, 804461800.00 ns, 23.9748 ns/op
WorkloadActual  44: 33554432 op, 807028400.00 ns, 24.0513 ns/op
WorkloadActual  45: 33554432 op, 801212300.00 ns, 23.8780 ns/op
WorkloadActual  46: 33554432 op, 783306200.00 ns, 23.3443 ns/op
WorkloadActual  47: 33554432 op, 843760700.00 ns, 25.1460 ns/op
WorkloadActual  48: 33554432 op, 748725200.00 ns, 22.3137 ns/op
WorkloadActual  49: 33554432 op, 879291800.00 ns, 26.2049 ns/op
WorkloadActual  50: 33554432 op, 802606200.00 ns, 23.9195 ns/op
WorkloadActual  51: 33554432 op, 791021700.00 ns, 23.5743 ns/op
WorkloadActual  52: 33554432 op, 790016800.00 ns, 23.5443 ns/op
WorkloadActual  53: 33554432 op, 863471700.00 ns, 25.7335 ns/op
WorkloadActual  54: 33554432 op, 804024700.00 ns, 23.9618 ns/op
WorkloadActual  55: 33554432 op, 915917200.00 ns, 27.2965 ns/op
WorkloadActual  56: 33554432 op, 770832600.00 ns, 22.9726 ns/op
WorkloadActual  57: 33554432 op, 957226100.00 ns, 28.5276 ns/op
WorkloadActual  58: 33554432 op, 836576600.00 ns, 24.9319 ns/op
WorkloadActual  59: 33554432 op, 958321200.00 ns, 28.5602 ns/op
WorkloadActual  60: 33554432 op, 917337100.00 ns, 27.3388 ns/op
WorkloadActual  61: 33554432 op, 833893000.00 ns, 24.8519 ns/op
WorkloadActual  62: 33554432 op, 1373656300.00 ns, 40.9381 ns/op
WorkloadActual  63: 33554432 op, 935358300.00 ns, 27.8758 ns/op
WorkloadActual  64: 33554432 op, 791084900.00 ns, 23.5762 ns/op
WorkloadActual  65: 33554432 op, 731984300.00 ns, 21.8148 ns/op
WorkloadActual  66: 33554432 op, 747598600.00 ns, 22.2802 ns/op
WorkloadActual  67: 33554432 op, 867151000.00 ns, 25.8431 ns/op
WorkloadActual  68: 33554432 op, 1008753000.00 ns, 30.0632 ns/op
WorkloadActual  69: 33554432 op, 1160619600.00 ns, 34.5892 ns/op
WorkloadActual  70: 33554432 op, 879339200.00 ns, 26.2064 ns/op
WorkloadActual  71: 33554432 op, 788060100.00 ns, 23.4860 ns/op
WorkloadActual  72: 33554432 op, 831276600.00 ns, 24.7740 ns/op
WorkloadActual  73: 33554432 op, 862707200.00 ns, 25.7107 ns/op
WorkloadActual  74: 33554432 op, 835109900.00 ns, 24.8882 ns/op
WorkloadActual  75: 33554432 op, 862345400.00 ns, 25.6999 ns/op
WorkloadActual  76: 33554432 op, 894925900.00 ns, 26.6709 ns/op
WorkloadActual  77: 33554432 op, 818327300.00 ns, 24.3881 ns/op
WorkloadActual  78: 33554432 op, 855268200.00 ns, 25.4890 ns/op
WorkloadActual  79: 33554432 op, 833657100.00 ns, 24.8449 ns/op
WorkloadActual  80: 33554432 op, 856684100.00 ns, 25.5312 ns/op
WorkloadActual  81: 33554432 op, 779499700.00 ns, 23.2309 ns/op
WorkloadActual  82: 33554432 op, 826242700.00 ns, 24.6240 ns/op
WorkloadActual  83: 33554432 op, 821191500.00 ns, 24.4734 ns/op
WorkloadActual  84: 33554432 op, 744960400.00 ns, 22.2016 ns/op
WorkloadActual  85: 33554432 op, 774347400.00 ns, 23.0774 ns/op
WorkloadActual  86: 33554432 op, 740704300.00 ns, 22.0747 ns/op
WorkloadActual  87: 33554432 op, 749365600.00 ns, 22.3328 ns/op
WorkloadActual  88: 33554432 op, 779925400.00 ns, 23.2436 ns/op
WorkloadActual  89: 33554432 op, 705257600.00 ns, 21.0183 ns/op
WorkloadActual  90: 33554432 op, 752481200.00 ns, 22.4257 ns/op
WorkloadActual  91: 33554432 op, 749938400.00 ns, 22.3499 ns/op
WorkloadActual  92: 33554432 op, 708056900.00 ns, 21.1017 ns/op
WorkloadActual  93: 33554432 op, 783254600.00 ns, 23.3428 ns/op
WorkloadActual  94: 33554432 op, 755107900.00 ns, 22.5040 ns/op
WorkloadActual  95: 33554432 op, 724660800.00 ns, 21.5966 ns/op
WorkloadActual  96: 33554432 op, 723759600.00 ns, 21.5697 ns/op
WorkloadActual  97: 33554432 op, 734505700.00 ns, 21.8900 ns/op
WorkloadActual  98: 33554432 op, 730182400.00 ns, 21.7611 ns/op
WorkloadActual  99: 33554432 op, 758053500.00 ns, 22.5918 ns/op
WorkloadActual  100: 33554432 op, 730946300.00 ns, 21.7839 ns/op

// AfterActualRun
WorkloadResult   1: 33554432 op, 957497850.00 ns, 28.5357 ns/op
WorkloadResult   2: 33554432 op, 1094531550.00 ns, 32.6196 ns/op
WorkloadResult   3: 33554432 op, 1494978950.00 ns, 44.5538 ns/op
WorkloadResult   4: 33554432 op, 1293867450.00 ns, 38.5603 ns/op
WorkloadResult   5: 33554432 op, 1583336150.00 ns, 47.1871 ns/op
WorkloadResult   6: 33554432 op, 1566037350.00 ns, 46.6715 ns/op
WorkloadResult   7: 33554432 op, 1148536950.00 ns, 34.2291 ns/op
WorkloadResult   8: 33554432 op, 1311695850.00 ns, 39.0916 ns/op
WorkloadResult   9: 33554432 op, 1345961150.00 ns, 40.1128 ns/op
WorkloadResult  10: 33554432 op, 1505306050.00 ns, 44.8616 ns/op
WorkloadResult  11: 33554432 op, 1303865050.00 ns, 38.8582 ns/op
WorkloadResult  12: 33554432 op, 1375909850.00 ns, 41.0053 ns/op
WorkloadResult  13: 33554432 op, 1086653450.00 ns, 32.3848 ns/op
WorkloadResult  14: 33554432 op, 1207598150.00 ns, 35.9892 ns/op
WorkloadResult  15: 33554432 op, 952367850.00 ns, 28.3828 ns/op
WorkloadResult  16: 33554432 op, 1443129950.00 ns, 43.0086 ns/op
WorkloadResult  17: 33554432 op, 764870350.00 ns, 22.7949 ns/op
WorkloadResult  18: 33554432 op, 663919550.00 ns, 19.7863 ns/op
WorkloadResult  19: 33554432 op, 789065650.00 ns, 23.5160 ns/op
WorkloadResult  20: 33554432 op, 779231150.00 ns, 23.2229 ns/op
WorkloadResult  21: 33554432 op, 820175650.00 ns, 24.4431 ns/op
WorkloadResult  22: 33554432 op, 808245650.00 ns, 24.0876 ns/op
WorkloadResult  23: 33554432 op, 858933550.00 ns, 25.5982 ns/op
WorkloadResult  24: 33554432 op, 767098350.00 ns, 22.8613 ns/op
WorkloadResult  25: 33554432 op, 654083650.00 ns, 19.4932 ns/op
WorkloadResult  26: 33554432 op, 608327050.00 ns, 18.1296 ns/op
WorkloadResult  27: 33554432 op, 618643350.00 ns, 18.4370 ns/op
WorkloadResult  28: 33554432 op, 689236850.00 ns, 20.5409 ns/op
WorkloadResult  29: 33554432 op, 609786950.00 ns, 18.1731 ns/op
WorkloadResult  30: 33554432 op, 635648850.00 ns, 18.9438 ns/op
WorkloadResult  31: 33554432 op, 816620950.00 ns, 24.3372 ns/op
WorkloadResult  32: 33554432 op, 1223383150.00 ns, 36.4597 ns/op
WorkloadResult  33: 33554432 op, 1209831050.00 ns, 36.0558 ns/op
WorkloadResult  34: 33554432 op, 922131750.00 ns, 27.4817 ns/op
WorkloadResult  35: 33554432 op, 1123050550.00 ns, 33.4695 ns/op
WorkloadResult  36: 33554432 op, 655851650.00 ns, 19.5459 ns/op
WorkloadResult  37: 33554432 op, 658418250.00 ns, 19.6224 ns/op
WorkloadResult  38: 33554432 op, 652602150.00 ns, 19.4491 ns/op
WorkloadResult  39: 33554432 op, 634696050.00 ns, 18.9154 ns/op
WorkloadResult  40: 33554432 op, 695150550.00 ns, 20.7171 ns/op
WorkloadResult  41: 33554432 op, 600115050.00 ns, 17.8848 ns/op
WorkloadResult  42: 33554432 op, 730681650.00 ns, 21.7760 ns/op
WorkloadResult  43: 33554432 op, 653996050.00 ns, 19.4906 ns/op
WorkloadResult  44: 33554432 op, 642411550.00 ns, 19.1454 ns/op
WorkloadResult  45: 33554432 op, 641406650.00 ns, 19.1154 ns/op
WorkloadResult  46: 33554432 op, 714861550.00 ns, 21.3045 ns/op
WorkloadResult  47: 33554432 op, 655414550.00 ns, 19.5329 ns/op
WorkloadResult  48: 33554432 op, 767307050.00 ns, 22.8675 ns/op
WorkloadResult  49: 33554432 op, 622222450.00 ns, 18.5437 ns/op
WorkloadResult  50: 33554432 op, 808615950.00 ns, 24.0986 ns/op
WorkloadResult  51: 33554432 op, 687966450.00 ns, 20.5030 ns/op
WorkloadResult  52: 33554432 op, 809711050.00 ns, 24.1313 ns/op
WorkloadResult  53: 33554432 op, 768726950.00 ns, 22.9098 ns/op
WorkloadResult  54: 33554432 op, 685282850.00 ns, 20.4230 ns/op
WorkloadResult  55: 33554432 op, 1225046150.00 ns, 36.5092 ns/op
WorkloadResult  56: 33554432 op, 786748150.00 ns, 23.4469 ns/op
WorkloadResult  57: 33554432 op, 642474750.00 ns, 19.1472 ns/op
WorkloadResult  58: 33554432 op, 583374150.00 ns, 17.3859 ns/op
WorkloadResult  59: 33554432 op, 598988450.00 ns, 17.8512 ns/op
WorkloadResult  60: 33554432 op, 718540850.00 ns, 21.4142 ns/op
WorkloadResult  61: 33554432 op, 860142850.00 ns, 25.6343 ns/op
WorkloadResult  62: 33554432 op, 1012009450.00 ns, 30.1602 ns/op
WorkloadResult  63: 33554432 op, 730729050.00 ns, 21.7774 ns/op
WorkloadResult  64: 33554432 op, 639449950.00 ns, 19.0571 ns/op
WorkloadResult  65: 33554432 op, 682666450.00 ns, 20.3450 ns/op
WorkloadResult  66: 33554432 op, 714097050.00 ns, 21.2818 ns/op
WorkloadResult  67: 33554432 op, 686499750.00 ns, 20.4593 ns/op
WorkloadResult  68: 33554432 op, 713735250.00 ns, 21.2710 ns/op
WorkloadResult  69: 33554432 op, 746315750.00 ns, 22.2419 ns/op
WorkloadResult  70: 33554432 op, 669717150.00 ns, 19.9591 ns/op
WorkloadResult  71: 33554432 op, 706658050.00 ns, 21.0601 ns/op
WorkloadResult  72: 33554432 op, 685046950.00 ns, 20.4160 ns/op
WorkloadResult  73: 33554432 op, 708073950.00 ns, 21.1022 ns/op
WorkloadResult  74: 33554432 op, 630889550.00 ns, 18.8020 ns/op
WorkloadResult  75: 33554432 op, 677632550.00 ns, 20.1950 ns/op
WorkloadResult  76: 33554432 op, 672581350.00 ns, 20.0445 ns/op
WorkloadResult  77: 33554432 op, 596350250.00 ns, 17.7726 ns/op
WorkloadResult  78: 33554432 op, 625737250.00 ns, 18.6484 ns/op
WorkloadResult  79: 33554432 op, 592094150.00 ns, 17.6458 ns/op
WorkloadResult  80: 33554432 op, 600755450.00 ns, 17.9039 ns/op
WorkloadResult  81: 33554432 op, 631315250.00 ns, 18.8147 ns/op
WorkloadResult  82: 33554432 op, 556647450.00 ns, 16.5894 ns/op
WorkloadResult  83: 33554432 op, 603871050.00 ns, 17.9968 ns/op
WorkloadResult  84: 33554432 op, 601328250.00 ns, 17.9210 ns/op
WorkloadResult  85: 33554432 op, 559446750.00 ns, 16.6728 ns/op
WorkloadResult  86: 33554432 op, 634644450.00 ns, 18.9139 ns/op
WorkloadResult  87: 33554432 op, 606497750.00 ns, 18.0750 ns/op
WorkloadResult  88: 33554432 op, 576050650.00 ns, 17.1676 ns/op
WorkloadResult  89: 33554432 op, 575149450.00 ns, 17.1408 ns/op
WorkloadResult  90: 33554432 op, 585895550.00 ns, 17.4610 ns/op
WorkloadResult  91: 33554432 op, 581572250.00 ns, 17.3322 ns/op
WorkloadResult  92: 33554432 op, 609443350.00 ns, 18.1628 ns/op
WorkloadResult  93: 33554432 op, 582336150.00 ns, 17.3550 ns/op
// GC:  449 0 0 1879048192 33554432
// Threading:  0 0 33554432

// AfterAll
// Benchmark Process 28992 has exited with code 0.

Mean = 24.140 ns, StdErr = 0.834 ns (3.45%), N = 93, StdDev = 8.039 ns
Min = 16.589 ns, Q1 = 18.815 ns, Median = 20.541 ns, Q3 = 25.598 ns, Max = 47.187 ns
IQR = 6.784 ns, LowerFence = 8.639 ns, UpperFence = 35.774 ns
ConfidenceInterval = [21.306 ns; 26.973 ns] (CI 99.9%), Margin = 2.834 ns (11.74% of Mean)
Skewness = 1.41, Kurtosis = 3.81, MValue = 2.24

// ** Remained 0 (0.0%) benchmark(s) to run. Estimated finish 2026-04-19 11:07 (0h 0m from now) **
Successfully reverted power plan (GUID: 49ef8fc0-bb7f-488e-b6a0-f1fc77ec649b FriendlyName: Dell)
// ***** BenchmarkRunner: Finish  *****

// * Export *
  BenchmarkDotNet.Artifacts\results\CoffeeBench-report.csv
  BenchmarkDotNet.Artifacts\results\CoffeeBench-report-github.md
  BenchmarkDotNet.Artifacts\results\CoffeeBench-report.html

// * Detailed results *
CoffeeBench.UseSplit: DefaultJob
Runtime = .NET 10.0.6 (10.0.6, 10.0.626.17701), X64 RyuJIT x86-64-v3; GC = Concurrent Workstation
Mean = 58.981 ns, StdErr = 0.365 ns (0.62%), N = 62, StdDev = 2.876 ns
Min = 53.572 ns, Q1 = 56.606 ns, Median = 58.997 ns, Q3 = 60.808 ns, Max = 66.869 ns
IQR = 4.202 ns, LowerFence = 50.303 ns, UpperFence = 67.112 ns
ConfidenceInterval = [57.718 ns; 60.244 ns] (CI 99.9%), Margin = 1.263 ns (2.14% of Mean)
Skewness = 0.37, Kurtosis = 2.82, MValue = 2
-------------------- Histogram --------------------
[53.058 ns ; 55.491 ns) | @@@@
[55.491 ns ; 57.546 ns) | @@@@@@@@@@@@@@
[57.546 ns ; 59.454 ns) | @@@@@@@@@@@@@@@@@@@@
[59.454 ns ; 62.195 ns) | @@@@@@@@@@@@@@@@@@
[62.195 ns ; 64.782 ns) | @@@@
[64.782 ns ; 67.035 ns) | @@
---------------------------------------------------

CoffeeBench.UseSpan: DefaultJob
Runtime = .NET 10.0.6 (10.0.6, 10.0.626.17701), X64 RyuJIT x86-64-v3; GC = Concurrent Workstation
Mean = 24.140 ns, StdErr = 0.834 ns (3.45%), N = 93, StdDev = 8.039 ns
Min = 16.589 ns, Q1 = 18.815 ns, Median = 20.541 ns, Q3 = 25.598 ns, Max = 47.187 ns
IQR = 6.784 ns, LowerFence = 8.639 ns, UpperFence = 35.774 ns
ConfidenceInterval = [21.306 ns; 26.973 ns] (CI 99.9%), Margin = 2.834 ns (11.74% of Mean)
Skewness = 1.41, Kurtosis = 3.81, MValue = 2.24
-------------------- Histogram --------------------
[14.261 ns ; 17.130 ns) | @@
[17.130 ns ; 21.788 ns) | @@@@@@@@@@@@@@@@@@@@@@@@@@@@@@@@@@@@@@@@@@@@@@@@@@@@@@
[21.788 ns ; 26.267 ns) | @@@@@@@@@@@@@@@
[26.267 ns ; 29.866 ns) | @@@
[29.866 ns ; 34.523 ns) | @@@@@
[34.523 ns ; 40.380 ns) | @@@@@@@@
[40.380 ns ; 42.769 ns) | @
[42.769 ns ; 47.427 ns) | @@@@@
---------------------------------------------------

// * Summary *

BenchmarkDotNet v0.15.8, Windows 11 (10.0.26200.8246/25H2/2025Update/HudsonValley2)
Intel Core i7-8550U CPU 1.80GHz (Max: 1.99GHz) (Kaby Lake R), 1 CPU, 8 logical and 4 physical cores
.NET SDK 10.0.202
  [Host]     : .NET 10.0.6 (10.0.6, 10.0.626.17701), X64 RyuJIT x86-64-v3
  DefaultJob : .NET 10.0.6 (10.0.6, 10.0.626.17701), X64 RyuJIT x86-64-v3


| Method   | Mean     | Error    | StdDev   | Median   | Gen0   | Allocated |
|--------- |---------:|---------:|---------:|---------:|-------:|----------:|
| UseSplit | 58.98 ns | 1.263 ns | 2.876 ns | 59.00 ns | 0.0305 |     128 B |
| UseSpan  | 24.14 ns | 2.834 ns | 8.039 ns | 20.54 ns | 0.0134 |      56 B |

// * Hints *
Outliers
  CoffeeBench.UseSplit: Default -> 8 outliers were removed (75.94 ns..97.61 ns)
  CoffeeBench.UseSpan: Default  -> 7 outliers were removed (53.01 ns..65.46 ns)

// * Legends *
  Mean      : Arithmetic mean of all measurements
  Error     : Half of 99.9% confidence interval
  StdDev    : Standard deviation of all measurements
  Median    : Value separating the higher half of all measurements (50th percentile)
  Gen0      : GC Generation 0 collects per 1000 operations
  Allocated : Allocated memory per single operation (managed only, inclusive, 1KB = 1024B)
  1 ns      : 1 Nanosecond (0.000000001 sec)

// * Diagnostic Output - MemoryDiagnoser *


// ***** BenchmarkRunner: End *****
Run time: 00:02:49 (169.98 sec), executed benchmarks: 2

Global total time: 00:03:11 (191.87 sec), executed benchmarks: 2
// * Artifacts cleanup *
Artifacts cleanup is finished
